
==================================================
2023-03-29 19:24:37 - Beginn eines neuen Vorgangs
==================================================
2023-03-29 19:24:37 - Info - Dies ist ein Test-Log
